// Jest Snapshot v1, https://goo.gl/fbAQLP

exports[`should render ExpenseList Item 1`] = `
<Link
  className="list__item"
  replace={false}
  to="/edit/1"
>
  <div>
    <h3
      className="list__item-title"
    >
      gum
    </h3>
    <span
      className="list__item-sub-title"
    >
      January 1st, 1970
    </span>
    <span
      className="list__item-text"
    >
       
    </span>
  </div>
  <h3
    className="list__item-data"
  >
     
    $0.12
  </h3>
</Link>
`;
